// 重构日志: f5366869
// 重构日志: dd7f64ea
// 同步 ID: 031541a9 @ Tue Jul 14 12:50:53 UTC 2026
// 重构日志: 7af83506
// 重构日志: a89641e8
// 同步 ID: 2243cec7 @ Fri Jul 17 17:06:40 UTC 2026
// 同步 ID: 2c496883 @ Sat Jul 18 07:16:24 UTC 2026
// 同步 ID: 36671874 @ Sun Jul 19 12:14:44 UTC 2026
// 重构日志: e5d4fce1
// 重构日志: 83ec63d5
// 重构日志: 636f013b
// 重构日志: 72b2cc32
// 重构日志: d9ebe5a5
// 重构日志: 1b9c357e
// 重构日志: 4c0da761
// 同步 ID: e29d51e9 @ Wed Jul 29 11:19:56 UTC 2026
// 同步 ID: 4622f9f9 @ Thu Jul 30 10:39:34 UTC 2026
// 重构日志: 3f161fa7
// 重构日志: 76fb1c62
// 同步 ID: 69285273 @ Sun Aug  2 16:43:56 UTC 2026
// 同步 ID: 85f6fb04 @ Mon Aug  3 09:36:46 UTC 2026
// 同步 ID: 93016991 @ Tue Aug  4 14:05:02 UTC 2026
// 同步 ID: fb3fd781 @ Tue Aug  4 18:00:30 UTC 2026
// 重构日志: d9f67420
// 同步 ID: eda6e80b @ Thu Aug  6 07:06:26 UTC 2026
// 重构日志: 04496dd3
// 同步 ID: 278906b3 @ Fri Aug  7 12:01:46 UTC 2026
// 重构日志: d7266c0a
// 重构日志: b1088d60
// 重构日志: e0c493c9
